// Jest Snapshot v1, https://goo.gl/fbAQLP

exports[`<Button /> renders component correctly 1`] = `
.c0 {
  padding: 0.625rem 1.25rem;
  background-color: #304ffe;
  border-radius: 0.5rem;
  text-align: center;
  cursor: pointer;
}

.c0:hover {
  background-color: #1e40ff;
}

.c0:active {
  box-shadow: inset 5px 5px 10px rgba(0, 0, 0, 0.2);
}

.c1 {
  font-size: 1rem;
  color: #ffffff;
}

<div>
  <div
    class="c0"
  >
    <div
      class="c1"
    >
      추가
    </div>
  </div>
</div>
`;
